
[1m[46m RUN [49m[22m [36mv3.2.4 [39m[90mH:/Sales-Funnel-3.1  Process department - Flexible[39m

node.exe : 
[90mstderr[2m | te
sts/api/leads-charac
terization.test.ts[
2m > [22m[2mLead 
Routes Characterizat
ion[2m > 
[22m[2mGET 
/api/leads[2m > 
[22m[2mshould 
return 403 when 
permissions are 
missing
At C:\Program Files\
nodejs\npx.ps1:29 
char:3
+   & $NODE_EXE 
$NPX_CLI_JS $args
+   ~~~~~~~~~~~~~~~~
~~~~~~~~~~~~~
    + CategoryInfo  
            : NotS  
  pecified: ([90   
 mstderr[2m...o    
ns are missing:    
String) [], Rem    
oteException
    + FullyQualifie 
   dErrorId : Nati  
  veCommandError
 
[22m[39mTest API 
Error: TypeError: 
Cannot read 
properties of 
undefined (reading 
'catch')
    at [90mH:\Sales
-Funnel-3.1  
Process department 
- Flexible\[39mlib\
api\withApiHandler.t
s:154:42
[90m    at processT
icksAndRejections (n
ode:internal/process
/task_queues:105:5)
[39m
    at [90mH:\Sales
-Funnel-3.1  
Process department 
- Flexible\[39mtest
s\api\leads-characte
rization.test.ts:203
:30
    at [90mfile:///
H:/Sales-Funnel-3.1%
20%20Process%20depar
tment%20-%20Flexible
/[39mnode_modules/
[4m@vitest[24m/runn
er/dist/chunk-hooks.
js:752:20

[90mstderr[2m | te
sts/api/leads-charac
terization.test.ts[
2m > [22m[2mLead 
Routes Characterizat
ion[2m > 
[22m[2mGET 
/api/leads[2m > 
[22m[2mshould 
apply record level 
filters
[22m[39mTest API 
Error: TypeError: 
Cannot read 
properties of 
undefined (reading 
'catch')
    at [90mH:\Sales
-Funnel-3.1  
Process department 
- Flexible\[39mlib\
api\withApiHandler.t
s:154:42
[90m    at processT
icksAndRejections (n
ode:internal/process
/task_queues:105:5)
[39m
    at [90mH:\Sales
-Funnel-3.1  
Process department 
- Flexible\[39mtest
s\api\leads-characte
rization.test.ts:218
:13
    at [90mfile:///
H:/Sales-Funnel-3.1%
20%20Process%20depar
tment%20-%20Flexible
/[39mnode_modules/
[4m@vitest[24m/runn
er/dist/chunk-hooks.
js:752:20

[90mstderr[2m | te
sts/api/leads-charac
terization.test.ts[
2m > [22m[2mLead 
Routes Characterizat
ion[2m > 
[22m[2mPOST 
/api/leads[2m > 
[22m[2mshould 
create a lead when 
authorized
[22m[39mTest API 
Error: TypeError: 
Cannot read 
properties of 
undefined (reading 
'catch')
    at [90mH:\Sales
-Funnel-3.1  
Process department 
- Flexible\[39mlib\
api\withApiHandler.t
s:154:42
[90m    at processT
icksAndRejections (n
ode:internal/process
/task_queues:105:5)
[39m
    at [90mH:\Sales
-Funnel-3.1  
Process department 
- Flexible\[39mtest
s\api\leads-characte
rization.test.ts:246
:30
    at [90mfile:///
H:/Sales-Funnel-3.1%
20%20Process%20depar
tment%20-%20Flexible
/[39mnode_modules/
[4m@vitest[24m/runn
er/dist/chunk-hooks.
js:752:20

[90mstderr[2m | te
sts/api/leads-charac
terization.test.ts[
2m > [22m[2mLead 
Routes Characterizat
ion[2m > 
[22m[2mGET 
/api/leads/[id][2m 
> [22m[2mshould 
return a specific 
lead
[22m[39mTest API 
Error: TypeError: 
Cannot read 
properties of 
undefined (reading 
'catch')
    at [90mH:\Sales
-Funnel-3.1  
Process department 
- Flexible\[39mlib\
api\withApiHandler.t
s:154:42
[90m    at processT
icksAndRejections (n
ode:internal/process
/task_queues:105:5)
[39m
    at [90mH:\Sales
-Funnel-3.1  
Process department 
- Flexible\[39mtest
s\api\leads-characte
rization.test.ts:262
:30
    at [90mfile:///
H:/Sales-Funnel-3.1%
20%20Process%20depar
tment%20-%20Flexible
/[39mnode_modules/
[4m@vitest[24m/runn
er/dist/chunk-hooks.
js:752:20

[90mstderr[2m | te
sts/api/leads-charac
terization.test.ts[
2m > [22m[2mLead 
Routes Characterizat
ion[2m > 
[22m[2mPUT 
/api/leads/[id][2m 
> [22m[2mshould 
update a lead
[22m[39mTest API 
Error: TypeError: 
Cannot read 
properties of 
undefined (reading 
'catch')
    at [90mH:\Sales
-Funnel-3.1  
Process department 
- Flexible\[39mlib\
api\withApiHandler.t
s:154:42
[90m    at processT
icksAndRejections (n
ode:internal/process
/task_queues:105:5)
[39m
    at [90mH:\Sales
-Funnel-3.1  
Process department 
- Flexible\[39mtest
s\api\leads-characte
rization.test.ts:282
:30
    at [90mfile:///
H:/Sales-Funnel-3.1%
20%20Process%20depar
tment%20-%20Flexible
/[39mnode_modules/
[4m@vitest[24m/runn
er/dist/chunk-hooks.
js:752:20

[90mstderr[2m | te
sts/api/leads-charac
terization.test.ts[
2m > [22m[2mLead 
Routes Characterizat
ion[2m > 
[22m[2mDELETE 
/api/leads/[id][2m 
> [22m[2mshould 
soft delete a lead
[22m[39mTest API 
Error: TypeError: 
Cannot read 
properties of 
undefined (reading 
'catch')
    at [90mH:\Sales
-Funnel-3.1  
Process department 
- Flexible\[39mlib\
api\withApiHandler.t
s:154:42
[90m    at processT
icksAndRejections (n
ode:internal/process
/task_queues:105:5)
[39m
    at [90mH:\Sales
-Funnel-3.1  
Process department 
- Flexible\[39mtest
s\api\leads-characte
rization.test.ts:304
:30
    at [90mfile:///
H:/Sales-Funnel-3.1%
20%20Process%20depar
tment%20-%20Flexible
/[39mnode_modules/
[4m@vitest[24m/runn
er/dist/chunk-hooks.
js:752:20

[90mstderr[2m | te
sts/api/leads-charac
terization.test.ts[
2m > [22m[2mLead 
Routes Characterizat
ion[2m > 
[22m[2mPOST /api/l
eads/[id]/assign[2m
 > [22m[2mshould 
assign a lead
[22m[39mTest API 
Error: TypeError: 
Cannot read 
properties of 
undefined (reading 
'catch')
    at [90mH:\Sales
-Funnel-3.1  
Process department 
- Flexible\[39mlib\
api\withApiHandler.t
s:154:42
[90m    at processT
icksAndRejections (n
ode:internal/process
/task_queues:105:5)
[39m
    at [90mH:\Sales
-Funnel-3.1  
Process department 
- Flexible\[39mtest
s\api\leads-characte
rization.test.ts:327
:30
    at [90mfile:///
H:/Sales-Funnel-3.1%
20%20Process%20depar
tment%20-%20Flexible
/[39mnode_modules/
[4m@vitest[24m/runn
er/dist/chunk-hooks.
js:752:20

[90mstderr[2m | te
sts/api/leads-charac
terization.test.ts[
2m > [22m[2mLead 
Routes Characterizat
ion[2m > 
[22m[2mPOST /api/l
eads/[id]/forward[2
m > [22m[2mshould 
forward a lead
[22m[39mTest API 
Error: TypeError: 
Cannot read 
properties of 
undefined (reading 
'catch')
    at [90mH:\Sales
-Funnel-3.1  
Process department 
- Flexible\[39mlib\
api\withApiHandler.t
s:154:42
[90m    at processT
icksAndRejections (n
ode:internal/process
/task_queues:105:5)
[39m
    at [90mH:\Sales
-Funnel-3.1  
Process department 
- Flexible\[39mtest
s\api\leads-characte
rization.test.ts:348
:30
    at [90mfile:///
H:/Sales-Funnel-3.1%
20%20Process%20depar
tment%20-%20Flexible
/[39mnode_modules/
[4m@vitest[24m/runn
er/dist/chunk-hooks.
js:752:20

[90mstderr[2m | te
sts/api/leads-charac
terization.test.ts[
2m > [22m[2mLead 
Routes Characterizat
ion[2m > 
[22m[2mPOST /api/l
eads/[id]/unassign[
2m > 
[22m[2mshould 
reassign (unassign) 
a lead
[22m[39mTest API 
Error: TypeError: 
Cannot read 
properties of 
undefined (reading 
'catch')
    at [90mH:\Sales
-Funnel-3.1  
Process department 
- Flexible\[39mlib\
api\withApiHandler.t
s:154:42
[90m    at processT
icksAndRejections (n
ode:internal/process
/task_queues:105:5)
[39m
    at [90mH:\Sales
-Funnel-3.1  
Process department 
- Flexible\[39mtest
s\api\leads-characte
rization.test.ts:366
:30
    at [90mfile:///
H:/Sales-Funnel-3.1%
20%20Process%20depar
tment%20-%20Flexible
/[39mnode_modules/
[4m@vitest[24m/runn
er/dist/chunk-hooks.
js:752:20

 [31mΓ¥»[39m tests/api/leads-characterization.test.ts [2m([22m[2m10 tests[22m[2m | [22m[31m9 failed[39m[2m)[22m[33m 2248[2mms[22m[39m
   [33m[2mΓ£ô[22m[39m Lead Routes Characterization[2m > [22mGET /api/leads[2m > [22mshould return leads when authorized [33m 1399[2mms[22m[39m
[31m   [31m├ù[31m Lead Routes Characterization[2m > [22mGET /api/leads[2m > [22mshould return 403 when permissions are missing[39m[32m 76[2mms[22m[39m
[31m     ΓåÆ expected 500 to be 403 // Object.is equality[39m
[31m   [31m├ù[31m Lead Routes Characterization[2m > [22mGET /api/leads[2m > [22mshould apply record level filters[39m[32m 37[2mms[22m[39m
[31m     ΓåÆ expected "spy" to be called with arguments: [ ObjectContaining{ΓÇª} ][90m

Number of calls: [1m0[22m
[31m[39m
[31m   [31m├ù[31m Lead Routes Characterization[2m > [22mPOST /api/leads[2m > [22mshould create a lead when authorized[39m[32m 23[2mms[22m[39m
[31m     ΓåÆ expected 500 to be 201 // Object.is equality[39m
[31m   [31m├ù[31m Lead Routes Characterization[2m > [22mGET /api/leads/[id][2m > [22mshould return a specific lead[39m[32m 237[2mms[22m[39m
[31m     ΓåÆ expected 500 to be 200 // Object.is equality[39m
[31m   [31m├ù[31m Lead Routes Characterization[2m > [22mPUT /api/leads/[id][2m > [22mshould update a lead[39m[32m 25[2mms[22m[39m
[31m     ΓåÆ expected 500 to be 200 // Object.is equality[39m
[31m   [31m├ù[31m Lead Routes Characterization[2m > [22mDELETE /api/leads/[id][2m > [22mshould soft delete a lead[39m[32m 30[2mms[22m[39m
[31m     ΓåÆ expected 500 to be 200 // Object.is equality[39m
[31m   [31m├ù[31m Lead Routes Characterization[2m > [22mPOST /api/leads/[id]/assign[2m > [22mshould assign a lead[39m[32m 130[2mms[22m[39m
[31m     ΓåÆ expected 500 to be 200 // Object.is equality[39m
[31m   [31m├ù[31m Lead Routes Characterization[2m > [22mPOST /api/leads/[id]/forward[2m > [22mshould forward a lead[39m[32m 169[2mms[22m[39m
[31m     ΓåÆ expected 500 to be 200 // Object.is equality[39m
[31m   [31m├ù[31m Lead Routes Characterization[2m > [22mPOST /api/leads/[id]/unassign[2m > [22mshould reassign (unassign) a lead[39m[32m 106[2mms[22m[39m
[31m     ΓåÆ expected 500 to be 200 // Object.is equality[39m

[31mΓÄ»ΓÄ»ΓÄ»ΓÄ»ΓÄ»
ΓÄ»ΓÄ»[39m[1m[41m
 Failed Tests 9 [49
m[22m[31mΓÄ»ΓÄ»ΓÄ»
ΓÄ»ΓÄ»ΓÄ»ΓÄ»[39m

[41m[1m FAIL 
[22m[49m tests/api
/leads-characterizat
ion.test.ts[2m > 
[22mLead Routes Cha
racterization[2m > 
[22mGET 
/api/leads[2m > 
[22mshould return 
403 when 
permissions are 
missing
[31m[1mAssertionEr
ror[22m: expected 
500 to be 403 // 
Object.is 
equality[39m

[32m- Expected[39m
[31m+ Received[39m

[32m- 403[39m
[31m+ 500[39m

[36m [2mΓ¥»[22m t
ests/api/leads-chara
cterization.test.ts:
[2m205:37[22m[39m
    [90m203| [39m 
           
[35mconst[39m 
response 
[33m=[39m 
[35mawait[39m [33
mGET[39m(req)[33m;
[39m
    [90m204| [39m
    [90m205| [39m 
           [34mexpe
ct[39m(response[33
m.[39mstatus)[33m.
[39m[34mtoBe[39m(
[34m403[39m)[33m;
[39m
    [90m   | [39m 
                    
               
[31m^[39m
    [90m206| [39m 
       })[33m;[39m
    [90m207| [39m

[31m[2mΓÄ»ΓÄ»ΓÄ»ΓÄ
»ΓÄ»ΓÄ»ΓÄ»ΓÄ»ΓÄ»ΓÄ»Γ
Ä»ΓÄ»ΓÄ»ΓÄ»ΓÄ»ΓÄ»ΓÄ»
ΓÄ»ΓÄ»ΓÄ»ΓÄ»ΓÄ»ΓÄ»ΓÄ
»[1/9]ΓÄ»[22m[39m

[41m[1m FAIL 
[22m[49m tests/api
/leads-characterizat
ion.test.ts[2m > 
[22mLead Routes Cha
racterization[2m > 
[22mGET 
/api/leads[2m > 
[22mshould apply 
record level filters
[31m[1mAssertionEr
ror[22m: expected 
"spy" to be called 
with arguments: [ Ob
jectContaining{ΓÇª} 
][90m

Number of calls: 
[1m0[22m
[31m[39m
[36m [2mΓ¥»[22m t
ests/api/leads-chara
cterization.test.ts:
[2m220:46[22m[39m
    [90m218| [39m 
           
[35mawait[39m [33
mGET[39m(req)[33m;
[39m
    [90m219| [39m
    [90m220| [39m 
           [34mexpe
ct[39m(mockPrisma[
33m.[39mlead[33m.
[39mfindMany)[33m.
[39m[34mtoHaveBeenC
alledWith[39m(
    [90m   | [39m 
                    
                    
    [31m^[39m
    [90m221| [39m 
               expec
t[33m.[39m[34mobj
ectContaining[39m({
    [90m222| [39m 
                   
where[33m:[39m exp
ect[33m.[39m[34mo
bjectContaining[39m
({

[31m[2mΓÄ»ΓÄ»ΓÄ»ΓÄ
»ΓÄ»ΓÄ»ΓÄ»ΓÄ»ΓÄ»ΓÄ»Γ
Ä»ΓÄ»ΓÄ»ΓÄ»ΓÄ»ΓÄ»ΓÄ»
ΓÄ»ΓÄ»ΓÄ»ΓÄ»ΓÄ»ΓÄ»ΓÄ
»[2/9]ΓÄ»[22m[39m

[41m[1m FAIL 
[22m[49m tests/api
/leads-characterizat
ion.test.ts[2m > 
[22mLead Routes Cha
racterization[2m > 
[22mPOST 
/api/leads[2m > 
[22mshould create 
a lead when 
authorized
[31m[1mAssertionEr
ror[22m: expected 
500 to be 201 // 
Object.is 
equality[39m

[32m- Expected[39m
[31m+ Received[39m

[32m- 201[39m
[31m+ 500[39m

[36m [2mΓ¥»[22m t
ests/api/leads-chara
cterization.test.ts:
[2m248:37[22m[39m
    [90m246| [39m 
           
[35mconst[39m 
response 
[33m=[39m 
[35mawait[39m [33
mPOST[39m(req)[33m
;[39m
    [90m247| [39m
    [90m248| [39m 
           [34mexpe
ct[39m(response[33
m.[39mstatus)[33m.
[39m[34mtoBe[39m(
[34m201[39m)[33m;
[39m
    [90m   | [39m 
                    
               
[31m^[39m
    [90m249| [39m 
           
[35mconst[39m 
body [33m=[39m 
[35mawait[39m resp
onse[33m.[39m[34m
json[39m()[33m;[3
9m
    [90m250| [39m 
           [34mexpe
ct[39m(body[33m.[
39msuccess)[33m.[3
9m[34mtoBe[39m([3
5mtrue[39m)[33m;[
39m

[31m[2mΓÄ»ΓÄ»ΓÄ»ΓÄ
»ΓÄ»ΓÄ»ΓÄ»ΓÄ»ΓÄ»ΓÄ»Γ
Ä»ΓÄ»ΓÄ»ΓÄ»ΓÄ»ΓÄ»ΓÄ»
ΓÄ»ΓÄ»ΓÄ»ΓÄ»ΓÄ»ΓÄ»ΓÄ
»[3/9]ΓÄ»[22m[39m

[41m[1m FAIL 
[22m[49m tests/api
/leads-characterizat
ion.test.ts[2m > 
[22mLead Routes Cha
racterization[2m > 
[22mGET 
/api/leads/[id][2m 
> [22mshould 
return a specific 
lead
[31m[1mAssertionEr
ror[22m: expected 
500 to be 200 // 
Object.is 
equality[39m

[32m- Expected[39m
[31m+ Received[39m

[32m- 200[39m
[31m+ 500[39m

[36m [2mΓ¥»[22m t
ests/api/leads-chara
cterization.test.ts:
[2m264:37[22m[39m
    [90m262| [39m 
           const 
response = await 
GET(req, { params: 
Promise.resolve(ΓÇª
    [90m263| [39m
    [90m264| [39m 
           [34mexpe
ct[39m(response[33
m.[39mstatus)[33m.
[39m[34mtoBe[39m(
[34m200[39m)[33m;
[39m
    [90m   | [39m 
                    
               
[31m^[39m
    [90m265| [39m 
           
[35mconst[39m 
body [33m=[39m 
[35mawait[39m resp
onse[33m.[39m[34m
json[39m()[33m;[3
9m
    [90m266| [39m 
           [34mexpe
ct[39m(body[33m.[
39msuccess)[33m.[3
9m[34mtoBe[39m([3
5mtrue[39m)[33m;[
39m

[31m[2mΓÄ»ΓÄ»ΓÄ»ΓÄ
»ΓÄ»ΓÄ»ΓÄ»ΓÄ»ΓÄ»ΓÄ»Γ
Ä»ΓÄ»ΓÄ»ΓÄ»ΓÄ»ΓÄ»ΓÄ»
ΓÄ»ΓÄ»ΓÄ»ΓÄ»ΓÄ»ΓÄ»ΓÄ
»[4/9]ΓÄ»[22m[39m

[41m[1m FAIL 
[22m[49m tests/api
/leads-characterizat
ion.test.ts[2m > 
[22mLead Routes Cha
racterization[2m > 
[22mPUT 
/api/leads/[id][2m 
> [22mshould 
update a lead
[31m[1mAssertionEr
ror[22m: expected 
500 to be 200 // 
Object.is 
equality[39m

[32m- Expected[39m
[31m+ Received[39m

[32m- 200[39m
[31m+ 500[39m

[36m [2mΓ¥»[22m t
ests/api/leads-chara
cterization.test.ts:
[2m284:37[22m[39m
    [90m282| [39m 
           const 
response = await 
PUT(req, { params: 
Promise.resolve(ΓÇª
    [90m283| [39m
    [90m284| [39m 
           [34mexpe
ct[39m(response[33
m.[39mstatus)[33m.
[39m[34mtoBe[39m(
[34m200[39m)[33m;
[39m
    [90m   | [39m 
                    
               
[31m^[39m
    [90m285| [39m 
           
[35mconst[39m 
body [33m=[39m 
[35mawait[39m resp
onse[33m.[39m[34m
json[39m()[33m;[3
9m
    [90m286| [39m 
           [34mexpe
ct[39m(body[33m.[
39msuccess)[33m.[3
9m[34mtoBe[39m([3
5mtrue[39m)[33m;[
39m

[31m[2mΓÄ»ΓÄ»ΓÄ»ΓÄ
»ΓÄ»ΓÄ»ΓÄ»ΓÄ»ΓÄ»ΓÄ»Γ
Ä»ΓÄ»ΓÄ»ΓÄ»ΓÄ»ΓÄ»ΓÄ»
ΓÄ»ΓÄ»ΓÄ»ΓÄ»ΓÄ»ΓÄ»ΓÄ
»[5/9]ΓÄ»[22m[39m

[41m[1m FAIL 
[22m[49m tests/api
/leads-characterizat
ion.test.ts[2m > 
[22mLead Routes Cha
racterization[2m > 
[22mDELETE 
/api/leads/[id][2m 
> [22mshould soft 
delete a lead
[31m[1mAssertionEr
ror[22m: expected 
500 to be 200 // 
Object.is 
equality[39m

[32m- Expected[39m
[31m+ Received[39m

[32m- 200[39m
[31m+ 500[39m

[36m [2mΓ¥»[22m t
ests/api/leads-chara
cterization.test.ts:
[2m306:37[22m[39m
    [90m304| [39m 
           const 
response = await 
DELETE(req, { 
params: 
Promise.resolΓÇª
    [90m305| [39m
    [90m306| [39m 
           [34mexpe
ct[39m(response[33
m.[39mstatus)[33m.
[39m[34mtoBe[39m(
[34m200[39m)[33m;
[39m
    [90m   | [39m 
                    
               
[31m^[39m
    [90m307| [39m 
           [34mexpe
ct[39m(mockPrisma[
33m.[39mlead[33m.
[39mupdate)[33m.[3
9m[34mtoHaveBeenCal
ledWith[39m(
    [90m308| [39m 
               expec
t[33m.[39m[34mobj
ectContaining[39m({

[31m[2mΓÄ»ΓÄ»ΓÄ»ΓÄ
»ΓÄ»ΓÄ»ΓÄ»ΓÄ»ΓÄ»ΓÄ»Γ
Ä»ΓÄ»ΓÄ»ΓÄ»ΓÄ»ΓÄ»ΓÄ»
ΓÄ»ΓÄ»ΓÄ»ΓÄ»ΓÄ»ΓÄ»ΓÄ
»[6/9]ΓÄ»[22m[39m

[41m[1m FAIL 
[22m[49m tests/api
/leads-characterizat
ion.test.ts[2m > 
[22mLead Routes Cha
racterization[2m > 
[22mPOST /api/leads
/[id]/assign[2m > 
[22mshould assign 
a lead
[31m[1mAssertionEr
ror[22m: expected 
500 to be 200 // 
Object.is 
equality[39m

[32m- Expected[39m
[31m+ Received[39m

[32m- 200[39m
[31m+ 500[39m

[36m [2mΓ¥»[22m t
ests/api/leads-chara
cterization.test.ts:
[2m329:37[22m[39m
    [90m327| [39m 
           const 
response = await 
POST(req, { params: 
Promise.resolveΓÇª
    [90m328| [39m
    [90m329| [39m 
           [34mexpe
ct[39m(response[33
m.[39mstatus)[33m.
[39m[34mtoBe[39m(
[34m200[39m)[33m;
[39m
    [90m   | [39m 
                    
               
[31m^[39m
    [90m330| [39m 
           expect(mo
ckRequirePermissions
).toHaveBeenCalledWi
th([PERMIΓÇª
    [90m331| [39m 
       })[33m;[39m

[31m[2mΓÄ»ΓÄ»ΓÄ»ΓÄ
»ΓÄ»ΓÄ»ΓÄ»ΓÄ»ΓÄ»ΓÄ»Γ
Ä»ΓÄ»ΓÄ»ΓÄ»ΓÄ»ΓÄ»ΓÄ»
ΓÄ»ΓÄ»ΓÄ»ΓÄ»ΓÄ»ΓÄ»ΓÄ
»[7/9]ΓÄ»[22m[39m

[41m[1m FAIL 
[22m[49m tests/api
/leads-characterizat
ion.test.ts[2m > 
[22mLead Routes Cha
racterization[2m > 
[22mPOST /api/leads
/[id]/forward[2m > 
[22mshould forward 
a lead
[31m[1mAssertionEr
ror[22m: expected 
500 to be 200 // 
Object.is 
equality[39m

[32m- Expected[39m
[31m+ Received[39m

[32m- 200[39m
[31m+ 500[39m

[36m [2mΓ¥»[22m t
ests/api/leads-chara
cterization.test.ts:
[2m350:37[22m[39m
    [90m348| [39m 
           const 
response = await 
POST(req, { params: 
Promise.resolveΓÇª
    [90m349| [39m
    [90m350| [39m 
           [34mexpe
ct[39m(response[33
m.[39mstatus)[33m.
[39m[34mtoBe[39m(
[34m200[39m)[33m;
[39m
    [90m   | [39m 
                    
               
[31m^[39m
    [90m351| [39m 
           expect(mo
ckRequirePermissions
).toHaveBeenCalledWi
th([PERMIΓÇª
    [90m352| [39m 
       })[33m;[39m

[31m[2mΓÄ»ΓÄ»ΓÄ»ΓÄ
»ΓÄ»ΓÄ»ΓÄ»ΓÄ»ΓÄ»ΓÄ»Γ
Ä»ΓÄ»ΓÄ»ΓÄ»ΓÄ»ΓÄ»ΓÄ»
ΓÄ»ΓÄ»ΓÄ»ΓÄ»ΓÄ»ΓÄ»ΓÄ
»[8/9]ΓÄ»[22m[39m

[41m[1m FAIL 
[22m[49m tests/api
/leads-characterizat
ion.test.ts[2m > 
[22mLead Routes Cha
racterization[2m > 
[22mPOST /api/leads
/[id]/unassign[2m 
> [22mshould 
reassign (unassign) 
a lead
[31m[1mAssertionEr
ror[22m: expected 
500 to be 200 // 
Object.is 
equality[39m

[32m- Expected[39m
[31m+ Received[39m

[32m- 200[39m
[31m+ 500[39m

[36m [2mΓ¥»[22m t
ests/api/leads-chara
cterization.test.ts:
[2m368:37[22m[39m
    [90m366| [39m 
           const 
response = await 
POST(req, { params: 
Promise.resolveΓÇª
    [90m367| [39m
    [90m368| [39m 
           [34mexpe
ct[39m(response[33
m.[39mstatus)[33m.
[39m[34mtoBe[39m(
[34m200[39m)[33m;
[39m
    [90m   | [39m 
                    
               
[31m^[39m
    [90m369| [39m
    [90m370| [39m 
           // Note: 
Currently it looks 
for LEADS_UNASSIGN 
but plan saΓÇª

[31m[2mΓÄ»ΓÄ»ΓÄ»ΓÄ
»ΓÄ»ΓÄ»ΓÄ»ΓÄ»ΓÄ»ΓÄ»Γ
Ä»ΓÄ»ΓÄ»ΓÄ»ΓÄ»ΓÄ»ΓÄ»
ΓÄ»ΓÄ»ΓÄ»ΓÄ»ΓÄ»ΓÄ»ΓÄ
»[9/9]ΓÄ»[22m[39m


[2m Test Files [22m [1m[31m1 failed[39m[22m[90m (1)[39m
[2m      Tests [22m [1m[31m9 failed[39m[22m[2m | [22m[1m[32m1 passed[39m[22m[90m (10)[39m
[2m   Start at [22m 11:59:59
[2m   Duration [22m 10.58s[2m (transform 1.37s, setup 0ms, collect 853ms, tests 2.25s, environment 4.22s, prepare 904ms)[22m

